variant            marginal      size@.05  size@.10      KS    p_KS
A raw (current)    gaussian         0.040     0.100   0.105   0.069
A raw (current)    uniform          0.053     0.080   0.113   0.040
A raw (current)    t3               0.040     0.087   0.074   0.368
A raw (current)    lognormal        0.160     0.240   0.140   0.005
A raw (current)    exponential      0.080     0.140   0.147   0.003
A raw (current)    cauchy           0.853     0.873   0.814   0.000

B rank-first       gaussian         0.087     0.120   0.098   0.103
B rank-first       uniform          0.040     0.067   0.113   0.041
B rank-first       t3               0.007     0.047   0.106   0.063
B rank-first       lognormal        0.047     0.067   0.099   0.098
B rank-first       exponential      0.060     0.107   0.056   0.705
B rank-first       cauchy           0.053     0.093   0.064   0.553

C rank-only        gaussian         0.067     0.160   0.082   0.248
C rank-only        uniform          0.040     0.120   0.094   0.130
C rank-only        t3               0.047     0.093   0.055   0.737
C rank-only        lognormal        0.020     0.100   0.061   0.612
C rank-only        exponential      0.053     0.127   0.082   0.255
C rank-only        cauchy           0.047     0.100   0.087   0.195

D rank-diff        gaussian         0.053     0.100   0.142   0.004
D rank-diff        uniform          0.047     0.120   0.053   0.765
D rank-diff        t3               0.047     0.080   0.054   0.745
D rank-diff        lognormal        0.067     0.120   0.098   0.107
D rank-diff        exponential      0.047     0.087   0.046   0.890
D rank-diff        cauchy           0.020     0.100   0.068   0.477

worst |empirical size - 0.05| across marginals:
  C rank-only        0.030
  D rank-diff        0.030
  B rank-first       0.043
  A raw (current)    0.803
